// Jest Snapshot v1, https://goo.gl/fbAQLP

exports[`CompactOpenOTCOrder compact open otc order matches snapshot 1`] = `
<div>
  <tbody
    class="MuiTableBody-root css-apqrd9-MuiTableBody-root"
  >
    <tr
      class="MuiTableRow-root css-8dfetm-MuiTableRow-root"
    >
      <td
        class="MuiTableCell-root MuiTableCell-body MuiTableCell-sizeMedium css-17e0zod-MuiTableCell-root"
      >
        <div
          class="MuiGrid-root MuiGrid-container MuiGrid-spacing-xs-1 css-gjtr4m-MuiGrid-root"
        >
          <div
            class="MuiGrid-root MuiGrid-container MuiGrid-item css-9pwih8-MuiGrid-root"
          >
            <div
              class="MuiGrid-root MuiGrid-item css-13i4rnv-MuiGrid-root"
            >
              05/10/2022
            </div>
            <div
              class="MuiGrid-root MuiGrid-item css-13i4rnv-MuiGrid-root"
            />
          </div>
          <div
            class="MuiGrid-root MuiGrid-item MuiGrid-grid-xs-6 css-wyd1vg-MuiGrid-root"
          >
            Pair
          </div>
          <div
            class="MuiGrid-root MuiGrid-item MuiGrid-grid-xs-6 css-wyd1vg-MuiGrid-root"
            style="text-align: right; font-weight: 400;"
          >
            <h6
              class="MuiTypography-root MuiTypography-subtitle1 css-1b4l2pg-MuiTypography-root"
            >
              IX-APE/USD
            </h6>
          </div>
          <div
            class="MuiGrid-root MuiGrid-item MuiGrid-grid-xs-6 css-wyd1vg-MuiGrid-root"
          >
            Side
          </div>
          <div
            class="MuiGrid-root MuiGrid-item MuiGrid-grid-xs-6 css-wyd1vg-MuiGrid-root"
            style="text-align: right; font-weight: 400;"
          >
            Sell
          </div>
          <div
            class="MuiGrid-root MuiGrid-item MuiGrid-grid-xs-6 css-wyd1vg-MuiGrid-root"
          >
            Price
          </div>
          <div
            class="MuiGrid-root MuiGrid-item MuiGrid-grid-xs-6 css-wyd1vg-MuiGrid-root"
            style="text-align: right; font-weight: 400;"
          >
            USD 8,500.00
          </div>
          <div
            class="MuiGrid-root MuiGrid-item MuiGrid-grid-xs-6 css-wyd1vg-MuiGrid-root"
          >
            Quantity
          </div>
          <div
            class="MuiGrid-root MuiGrid-item MuiGrid-grid-xs-6 css-wyd1vg-MuiGrid-root"
            style="text-align: right; font-weight: 400;"
          >
            1
          </div>
          <div
            class="MuiGrid-root MuiGrid-item MuiGrid-grid-xs-6 css-wyd1vg-MuiGrid-root"
          >
            Total
          </div>
          <div
            class="MuiGrid-root MuiGrid-item MuiGrid-grid-xs-6 css-wyd1vg-MuiGrid-root"
            style="text-align: right; font-weight: 400;"
          >
            USD 8,500.00
          </div>
          <div
            class="MuiGrid-root MuiGrid-item MuiGrid-grid-xs-6 css-wyd1vg-MuiGrid-root"
          >
            Filled
          </div>
          <div
            class="MuiGrid-root MuiGrid-item MuiGrid-grid-xs-6 css-wyd1vg-MuiGrid-root"
            style="text-align: right; font-weight: 400;"
          >
            0%
          </div>
          <div
            class="MuiGrid-root MuiGrid-item MuiGrid-grid-xs-12 css-ewf807-MuiGrid-root"
          >
            <div
              class="MuiBox-root css-1n2mv2k"
            >
              <button
                class="MuiButton-root MuiButton-outlined MuiButton-outlinedPrimary MuiButton-sizeLarge MuiButton-outlinedSizeLarge MuiButtonBase-root makeStyles-toggleButton-5 css-k7ezv1-MuiButtonBase-root-MuiButton-root"
                tabindex="0"
                type="button"
              >
                Show details
                <span
                  class="MuiTouchRipple-root css-8je8zh-MuiTouchRipple-root"
                />
              </button>
            </div>
          </div>
        </div>
      </td>
    </tr>
    <tr
      class="MuiTableRow-root css-8dfetm-MuiTableRow-root"
    >
      <td
        class="MuiTableCell-root MuiTableCell-body MuiTableCell-sizeMedium css-17e0zod-MuiTableCell-root"
      >
        <div
          class="MuiGrid-root MuiGrid-container MuiGrid-spacing-xs-1 css-gjtr4m-MuiGrid-root"
        >
          <div
            class="MuiGrid-root MuiGrid-container MuiGrid-item css-9pwih8-MuiGrid-root"
          >
            <div
              class="MuiGrid-root MuiGrid-item css-13i4rnv-MuiGrid-root"
            >
              05/10/2022
            </div>
            <div
              class="MuiGrid-root MuiGrid-item css-13i4rnv-MuiGrid-root"
            />
          </div>
          <div
            class="MuiGrid-root MuiGrid-item MuiGrid-grid-xs-6 css-wyd1vg-MuiGrid-root"
          >
            Pair
          </div>
          <div
            class="MuiGrid-root MuiGrid-item MuiGrid-grid-xs-6 css-wyd1vg-MuiGrid-root"
            style="text-align: right; font-weight: 400;"
          >
            <h6
              class="MuiTypography-root MuiTypography-subtitle1 css-1b4l2pg-MuiTypography-root"
            >
              IX-APE/USD
            </h6>
          </div>
          <div
            class="MuiGrid-root MuiGrid-item MuiGrid-grid-xs-6 css-wyd1vg-MuiGrid-root"
          >
            Side
          </div>
          <div
            class="MuiGrid-root MuiGrid-item MuiGrid-grid-xs-6 css-wyd1vg-MuiGrid-root"
            style="text-align: right; font-weight: 400;"
          >
            Sell
          </div>
          <div
            class="MuiGrid-root MuiGrid-item MuiGrid-grid-xs-6 css-wyd1vg-MuiGrid-root"
          >
            Price
          </div>
          <div
            class="MuiGrid-root MuiGrid-item MuiGrid-grid-xs-6 css-wyd1vg-MuiGrid-root"
            style="text-align: right; font-weight: 400;"
          >
            USD 8,500.00
          </div>
          <div
            class="MuiGrid-root MuiGrid-item MuiGrid-grid-xs-6 css-wyd1vg-MuiGrid-root"
          >
            Quantity
          </div>
          <div
            class="MuiGrid-root MuiGrid-item MuiGrid-grid-xs-6 css-wyd1vg-MuiGrid-root"
            style="text-align: right; font-weight: 400;"
          >
            1
          </div>
          <div
            class="MuiGrid-root MuiGrid-item MuiGrid-grid-xs-6 css-wyd1vg-MuiGrid-root"
          >
            Total
          </div>
          <div
            class="MuiGrid-root MuiGrid-item MuiGrid-grid-xs-6 css-wyd1vg-MuiGrid-root"
            style="text-align: right; font-weight: 400;"
          >
            USD 8,500.00
          </div>
          <div
            class="MuiGrid-root MuiGrid-item MuiGrid-grid-xs-6 css-wyd1vg-MuiGrid-root"
          >
            Filled
          </div>
          <div
            class="MuiGrid-root MuiGrid-item MuiGrid-grid-xs-6 css-wyd1vg-MuiGrid-root"
            style="text-align: right; font-weight: 400;"
          >
            0%
          </div>
          <div
            class="MuiGrid-root MuiGrid-item MuiGrid-grid-xs-12 css-ewf807-MuiGrid-root"
          >
            <div
              class="MuiBox-root css-1n2mv2k"
            >
              <button
                class="MuiButton-root MuiButton-outlined MuiButton-outlinedPrimary MuiButton-sizeLarge MuiButton-outlinedSizeLarge MuiButtonBase-root makeStyles-toggleButton-5 css-k7ezv1-MuiButtonBase-root-MuiButton-root"
                tabindex="0"
                type="button"
              >
                Show details
                <span
                  class="MuiTouchRipple-root css-8je8zh-MuiTouchRipple-root"
                />
              </button>
            </div>
          </div>
        </div>
      </td>
    </tr>
    <tr
      class="MuiTableRow-root css-8dfetm-MuiTableRow-root"
    >
      <td
        class="MuiTableCell-root MuiTableCell-body MuiTableCell-sizeMedium css-17e0zod-MuiTableCell-root"
      >
        <div
          class="MuiGrid-root MuiGrid-container MuiGrid-spacing-xs-1 css-gjtr4m-MuiGrid-root"
        >
          <div
            class="MuiGrid-root MuiGrid-container MuiGrid-item css-9pwih8-MuiGrid-root"
          >
            <div
              class="MuiGrid-root MuiGrid-item css-13i4rnv-MuiGrid-root"
            >
              05/10/2022
            </div>
            <div
              class="MuiGrid-root MuiGrid-item css-13i4rnv-MuiGrid-root"
            />
          </div>
          <div
            class="MuiGrid-root MuiGrid-item MuiGrid-grid-xs-6 css-wyd1vg-MuiGrid-root"
          >
            Pair
          </div>
          <div
            class="MuiGrid-root MuiGrid-item MuiGrid-grid-xs-6 css-wyd1vg-MuiGrid-root"
            style="text-align: right; font-weight: 400;"
          >
            <h6
              class="MuiTypography-root MuiTypography-subtitle1 css-1b4l2pg-MuiTypography-root"
            >
              IX-APE/USD
            </h6>
          </div>
          <div
            class="MuiGrid-root MuiGrid-item MuiGrid-grid-xs-6 css-wyd1vg-MuiGrid-root"
          >
            Side
          </div>
          <div
            class="MuiGrid-root MuiGrid-item MuiGrid-grid-xs-6 css-wyd1vg-MuiGrid-root"
            style="text-align: right; font-weight: 400;"
          >
            Buy
          </div>
          <div
            class="MuiGrid-root MuiGrid-item MuiGrid-grid-xs-6 css-wyd1vg-MuiGrid-root"
          >
            Price
          </div>
          <div
            class="MuiGrid-root MuiGrid-item MuiGrid-grid-xs-6 css-wyd1vg-MuiGrid-root"
            style="text-align: right; font-weight: 400;"
          >
            USD 8,500.00
          </div>
          <div
            class="MuiGrid-root MuiGrid-item MuiGrid-grid-xs-6 css-wyd1vg-MuiGrid-root"
          >
            Quantity
          </div>
          <div
            class="MuiGrid-root MuiGrid-item MuiGrid-grid-xs-6 css-wyd1vg-MuiGrid-root"
            style="text-align: right; font-weight: 400;"
          >
            5
          </div>
          <div
            class="MuiGrid-root MuiGrid-item MuiGrid-grid-xs-6 css-wyd1vg-MuiGrid-root"
          >
            Total
          </div>
          <div
            class="MuiGrid-root MuiGrid-item MuiGrid-grid-xs-6 css-wyd1vg-MuiGrid-root"
            style="text-align: right; font-weight: 400;"
          >
            USD 42,500.00
          </div>
          <div
            class="MuiGrid-root MuiGrid-item MuiGrid-grid-xs-6 css-wyd1vg-MuiGrid-root"
          >
            Filled
          </div>
          <div
            class="MuiGrid-root MuiGrid-item MuiGrid-grid-xs-6 css-wyd1vg-MuiGrid-root"
            style="text-align: right; font-weight: 400;"
          >
            20%
          </div>
        </div>
      </td>
    </tr>
    <tr
      class="MuiTableRow-root css-8dfetm-MuiTableRow-root"
    >
      <td
        class="MuiTableCell-root MuiTableCell-body MuiTableCell-sizeMedium css-17e0zod-MuiTableCell-root"
      >
        <div
          class="MuiGrid-root MuiGrid-container MuiGrid-spacing-xs-1 css-gjtr4m-MuiGrid-root"
        >
          <div
            class="MuiGrid-root MuiGrid-container MuiGrid-item css-9pwih8-MuiGrid-root"
          >
            <div
              class="MuiGrid-root MuiGrid-item css-13i4rnv-MuiGrid-root"
            >
              05/10/2022
            </div>
            <div
              class="MuiGrid-root MuiGrid-item css-13i4rnv-MuiGrid-root"
            />
          </div>
          <div
            class="MuiGrid-root MuiGrid-item MuiGrid-grid-xs-6 css-wyd1vg-MuiGrid-root"
          >
            Pair
          </div>
          <div
            class="MuiGrid-root MuiGrid-item MuiGrid-grid-xs-6 css-wyd1vg-MuiGrid-root"
            style="text-align: right; font-weight: 400;"
          >
            <h6
              class="MuiTypography-root MuiTypography-subtitle1 css-1b4l2pg-MuiTypography-root"
            >
              IX-APE/USD
            </h6>
          </div>
          <div
            class="MuiGrid-root MuiGrid-item MuiGrid-grid-xs-6 css-wyd1vg-MuiGrid-root"
          >
            Side
          </div>
          <div
            class="MuiGrid-root MuiGrid-item MuiGrid-grid-xs-6 css-wyd1vg-MuiGrid-root"
            style="text-align: right; font-weight: 400;"
          >
            Sell
          </div>
          <div
            class="MuiGrid-root MuiGrid-item MuiGrid-grid-xs-6 css-wyd1vg-MuiGrid-root"
          >
            Price
          </div>
          <div
            class="MuiGrid-root MuiGrid-item MuiGrid-grid-xs-6 css-wyd1vg-MuiGrid-root"
            style="text-align: right; font-weight: 400;"
          >
            USD 8,500.00
          </div>
          <div
            class="MuiGrid-root MuiGrid-item MuiGrid-grid-xs-6 css-wyd1vg-MuiGrid-root"
          >
            Quantity
          </div>
          <div
            class="MuiGrid-root MuiGrid-item MuiGrid-grid-xs-6 css-wyd1vg-MuiGrid-root"
            style="text-align: right; font-weight: 400;"
          >
            1
          </div>
          <div
            class="MuiGrid-root MuiGrid-item MuiGrid-grid-xs-6 css-wyd1vg-MuiGrid-root"
          >
            Total
          </div>
          <div
            class="MuiGrid-root MuiGrid-item MuiGrid-grid-xs-6 css-wyd1vg-MuiGrid-root"
            style="text-align: right; font-weight: 400;"
          >
            USD 8,500.00
          </div>
          <div
            class="MuiGrid-root MuiGrid-item MuiGrid-grid-xs-6 css-wyd1vg-MuiGrid-root"
          >
            Filled
          </div>
          <div
            class="MuiGrid-root MuiGrid-item MuiGrid-grid-xs-6 css-wyd1vg-MuiGrid-root"
            style="text-align: right; font-weight: 400;"
          >
            0%
          </div>
        </div>
      </td>
    </tr>
  </tbody>
</div>
`;
