// Jest Snapshot v1, https://goo.gl/fbAQLP

exports[`Enabled should match snapshot 1`] = `
<div>
  <div
    class="MuiGrid-root MuiGrid-container MuiGrid-spacing-xs-3 MuiGrid-direction-xs-column css-11ypfzm-MuiGrid-root"
  >
    <div
      class="MuiGrid-root MuiGrid-item css-7kz4db-MuiGrid-root"
    >
      <svg
        aria-hidden="true"
        class="MuiSvgIcon-root MuiSvgIcon-fontSizeLarge css-1cea49u-MuiSvgIcon-root"
        data-testid="CheckCircleIcon"
        focusable="false"
        style="color: rgb(76, 175, 80); width: 120px; height: 120px;"
        viewBox="0 0 24 24"
      >
        <path
          d="M12 2C6.48 2 2 6.48 2 12s4.48 10 10 10 10-4.48 10-10S17.52 2 12 2zm-2 15-5-5 1.41-1.41L10 14.17l7.59-7.59L19 8l-9 9z"
        />
      </svg>
      <div
        class="MuiBox-root css-1jpm9pd"
      />
    </div>
    <div
      class="MuiGrid-root MuiGrid-item css-7kz4db-MuiGrid-root"
    >
      <h5
        class="MuiTypography-root MuiTypography-h5 MuiTypography-alignCenter css-1f4u6as-MuiTypography-root"
      >
        2FA Enabled
      </h5>
    </div>
    <div
      class="MuiGrid-root MuiGrid-item MuiGrid-grid-xs-12 MuiGrid-grid-md-8 MuiGrid-grid-lg-6 css-1er4735-MuiGrid-root"
    >
      <p
        class="MuiTypography-root MuiTypography-body1 MuiTypography-alignCenter css-6bx0l6-MuiTypography-root"
      >
        Your account is now protected by Two-Factor Authentication
      </p>
    </div>
  </div>
</div>
`;

exports[`Enabled should match snapshot, invokes history push on button click 1`] = `
<div>
  <div
    class="MuiGrid-root MuiGrid-container MuiGrid-direction-xs-column css-30jy6e-MuiGrid-root"
  >
    <div
      class="MuiGrid-root MuiGrid-container MuiGrid-item css-1o62c1b-MuiGrid-root"
    >
      <div
        class="MuiGrid-root css-186c2wj-MuiGrid-root"
      >
        <h4
          class="MuiTypography-root MuiTypography-h4 MuiTypography-alignCenter css-118amwv-MuiTypography-root"
        >
          2-FA Has Been Updated Successfully.
        </h4>
      </div>
      <div
        class="MuiGrid-root css-186c2wj-MuiGrid-root"
      />
    </div>
    <div
      class="MuiGrid-root MuiGrid-item css-7kz4db-MuiGrid-root"
    >
      <p
        class="MuiTypography-root MuiTypography-body1 MuiTypography-alignCenter makeStyles-text-1 css-6bx0l6-MuiTypography-root"
      >
        Your account is now protected by Two-Factor Authentication (2-FA).
      </p>
    </div>
    <div
      class="MuiGrid-root MuiGrid-item css-7kz4db-MuiGrid-root"
    >
      <button
        class="MuiButton-root MuiButton-contained MuiButton-containedPrimary MuiButton-sizeMedium MuiButton-containedSizeMedium MuiButtonBase-root  css-1i8ofwk-MuiButtonBase-root-MuiButton-root"
        tabindex="0"
        type="button"
      >
        Ok
        <span
          class="MuiTouchRipple-root css-8je8zh-MuiTouchRipple-root"
        />
      </button>
    </div>
  </div>
</div>
`;
