// Jest Snapshot v1, https://goo.gl/fbAQLP

exports[`CustodySearchFilter should match snapshot 1`] = `
<div>
  <div
    class="MuiGrid-root makeStyles-wrapper-1 MuiGrid-item MuiGrid-grid-xs-12 MuiGrid-grid-md-5"
    data-component="CustodySearchFilter"
    data-element="Grid"
    data-source-file="CustodySearchFilter.tsx"
  />
</div>
`;
