// Jest Snapshot v1, https://goo.gl/fbAQLP

exports[`Step4Enable should match snapshot 1`] = `
<div>
  <div
    class="MuiGrid-root MuiGrid-container MuiGrid-direction-xs-column css-1vpwcmr-MuiGrid-root"
  >
    <div
      class="MuiGrid-root MuiGrid-item MuiGrid-grid-xs-12 css-1idn90j-MuiGrid-root"
    >
      <h2
        class="MuiTypography-root MuiTypography-h2 MuiTypography-alignCenter css-2xfiep-MuiTypography-root"
      >
        Enable Authenticator App
      </h2>
    </div>
    <div
      class="MuiGrid-root MuiGrid-item MuiGrid-grid-xs-12 css-1idn90j-MuiGrid-root"
    >
      <div
        class="MuiGrid-root MuiGrid-container MuiGrid-spacing-xs-3 MuiGrid-direction-xs-column css-19zvv5e-MuiGrid-root"
      >
        <div
          class="MuiGrid-root MuiGrid-item MuiGrid-grid-xs-12 MuiGrid-grid-md-8 MuiGrid-grid-lg-6 css-1ihtruj-MuiGrid-root"
        >
          <p
            class="MuiTypography-root MuiTypography-body1 MuiTypography-alignCenter css-1gd5lqg-MuiTypography-root"
          >
            Please enter the 6-digit code from your 
            
             
            authenticator app
          </p>
        </div>
        <div
          class="MuiGrid-root MuiGrid-item css-13i4rnv-MuiGrid-root"
        >
          <form
            data-testid="form"
            style="width: 100%;"
          >
            <div
              class="MuiGrid-root MuiGrid-container MuiGrid-spacing-xs-1 MuiGrid-direction-xs-column css-ffjoah-MuiGrid-root"
            >
              <div
                class="MuiGrid-root MuiGrid-item css-13i4rnv-MuiGrid-root"
              >
                <div
                  class="makeStyles-container-1 makeStyles-fullwidth-2"
                  style="display: flex;"
                >
                  <div
                    style="display: flex; align-items: center;"
                  >
                    <input
                      aria-label="Please enter verification code. Character 1"
                      autocomplete="off"
                      class="makeStyles-base-3 makeStyles-standard-4 "
                      maxlength="1"
                      style="width: 1em; text-align: center;"
                      type="text"
                      value=""
                    />
                  </div>
                  <div
                    style="display: flex; align-items: center;"
                  >
                    <input
                      aria-label="Character 2"
                      autocomplete="off"
                      class="makeStyles-base-3 makeStyles-standard-4"
                      maxlength="1"
                      style="width: 1em; text-align: center;"
                      type="text"
                      value=""
                    />
                  </div>
                  <div
                    style="display: flex; align-items: center;"
                  >
                    <input
                      aria-label="Character 3"
                      autocomplete="off"
                      class="makeStyles-base-3 makeStyles-standard-4"
                      maxlength="1"
                      style="width: 1em; text-align: center;"
                      type="text"
                      value=""
                    />
                  </div>
                  <div
                    style="display: flex; align-items: center;"
                  >
                    <input
                      aria-label="Character 4"
                      autocomplete="off"
                      class="makeStyles-base-3 makeStyles-standard-4"
                      maxlength="1"
                      style="width: 1em; text-align: center;"
                      type="text"
                      value=""
                    />
                  </div>
                  <div
                    style="display: flex; align-items: center;"
                  >
                    <input
                      aria-label="Character 5"
                      autocomplete="off"
                      class="makeStyles-base-3 makeStyles-standard-4"
                      maxlength="1"
                      style="width: 1em; text-align: center;"
                      type="text"
                      value=""
                    />
                  </div>
                  <div
                    style="display: flex; align-items: center;"
                  >
                    <input
                      aria-label="Character 6"
                      autocomplete="off"
                      class="makeStyles-base-3 makeStyles-standard-4"
                      maxlength="1"
                      style="width: 1em; text-align: center;"
                      type="text"
                      value=""
                    />
                  </div>
                </div>
              </div>
            </div>
            <div
              class="MuiBox-root css-17w1y3n"
            >
              <button
                class="MuiButton-root MuiButton-contained MuiButton-containedPrimary MuiButton-sizeMedium MuiButton-containedSizeMedium MuiButton-disableElevation MuiButtonBase-root Mui-disabled  css-gbhykm-MuiButtonBase-root-MuiButton-root"
                disabled=""
                tabindex="-1"
                type="submit"
              >
                Enable
              </button>
            </div>
          </form>
        </div>
      </div>
    </div>
  </div>
</div>
`;
