// Jest Snapshot v1, https://goo.gl/fbAQLP

exports[`CorporateInfo should match snapshot 1`] = `
<div>
  <div
    class="MuiGrid-root MuiGrid-container MuiGrid-item MuiGrid-spacing-xs-5 css-ktynep-MuiGrid-root"
  >
    <div
      class="MuiGrid-root MuiGrid-item css-13i4rnv-MuiGrid-root"
    />
    <div
      class="MuiGrid-root MuiGrid-container MuiGrid-item css-oo37o-MuiGrid-root"
    >
      <div
        class="MuiGrid-root MuiGrid-container MuiGrid-item MuiGrid-spacing-xs-5 MuiGrid-direction-xs-column css-3l9fq4-MuiGrid-root"
      >
        <div
          class="MuiGrid-root MuiGrid-item css-13i4rnv-MuiGrid-root"
        >
          <div
            class="MuiGrid-root MuiGrid-container MuiGrid-item MuiGrid-direction-xs-column css-80wlp8-MuiGrid-root"
          >
            <p
              class="MuiTypography-root MuiTypography-body1 css-19iufmc-MuiTypography-root"
              style="font-weight: 500; width: 100%; color: rgb(59, 66, 81); line-height: 17px;"
            >
              Company Name
            </p>
            <div
              class="MuiBox-root css-1jhs511"
            />
            <p
              class="MuiTypography-root MuiTypography-body1 MuiTypography-alignLeft css-1j7034c-MuiTypography-root"
              style="font-weight: 500; opacity: 1; width: 100%; word-break: break-word; line-height: 17px;"
            >
              InvestaX
            </p>
          </div>
        </div>
        <div
          class="MuiGrid-root MuiGrid-item css-13i4rnv-MuiGrid-root"
        >
          <div
            class="MuiGrid-root MuiGrid-container MuiGrid-item MuiGrid-direction-xs-column css-80wlp8-MuiGrid-root"
          >
            <p
              class="MuiTypography-root MuiTypography-body1 css-19iufmc-MuiTypography-root"
              style="font-weight: 500; width: 100%; color: rgb(59, 66, 81); line-height: 17px;"
            >
              Country of Incorporation
            </p>
            <div
              class="MuiBox-root css-1jhs511"
            />
            <p
              class="MuiTypography-root MuiTypography-body1 MuiTypography-alignLeft css-1j7034c-MuiTypography-root"
              style="font-weight: 500; opacity: 1; width: 100%; word-break: break-word; line-height: 17px;"
            >
              Russian Federation
            </p>
          </div>
        </div>
        <div
          class="MuiGrid-root MuiGrid-item css-13i4rnv-MuiGrid-root"
        >
          <div
            class="MuiGrid-root MuiGrid-container MuiGrid-item MuiGrid-direction-xs-column css-80wlp8-MuiGrid-root"
          >
            <p
              class="MuiTypography-root MuiTypography-body1 css-19iufmc-MuiTypography-root"
              style="font-weight: 500; width: 100%; color: rgb(59, 66, 81); line-height: 17px;"
            >
              Source of Funds
            </p>
            <div
              class="MuiBox-root css-1jhs511"
            />
            <p
              class="MuiTypography-root MuiTypography-body1 MuiTypography-alignLeft css-1j7034c-MuiTypography-root"
              style="font-weight: 500; opacity: 1; width: 100%; word-break: break-word; line-height: 17px;"
            >
              LOAN
            </p>
          </div>
        </div>
      </div>
      <div
        class="MuiGrid-root MuiGrid-container MuiGrid-item MuiGrid-spacing-xs-5 MuiGrid-direction-xs-column css-3l9fq4-MuiGrid-root"
      >
        <div
          class="MuiGrid-root MuiGrid-item css-13i4rnv-MuiGrid-root"
        />
        <div
          class="MuiGrid-root MuiGrid-item css-13i4rnv-MuiGrid-root"
        >
          <div
            class="MuiGrid-root MuiGrid-container MuiGrid-item MuiGrid-direction-xs-column css-80wlp8-MuiGrid-root"
          >
            <p
              class="MuiTypography-root MuiTypography-body1 css-19iufmc-MuiTypography-root"
              style="font-weight: 500; width: 100%; color: rgb(59, 66, 81); line-height: 17px;"
            >
              Registration Number/UEN
            </p>
            <div
              class="MuiBox-root css-1jhs511"
            />
            <p
              class="MuiTypography-root MuiTypography-body1 MuiTypography-alignLeft css-1j7034c-MuiTypography-root"
              style="font-weight: 500; opacity: 1; width: 100%; word-break: break-word; line-height: 17px;"
            >
              123456
            </p>
          </div>
        </div>
        <div
          class="MuiGrid-root MuiGrid-item css-13i4rnv-MuiGrid-root"
        >
          <div
            class="MuiGrid-root MuiGrid-container MuiGrid-item MuiGrid-direction-xs-column fs-exclude css-80wlp8-MuiGrid-root"
          >
            <p
              class="MuiTypography-root MuiTypography-body1 css-19iufmc-MuiTypography-root"
              style="font-weight: 500; width: 100%; color: rgb(59, 66, 81); line-height: 17px;"
            >
              Legal Entity
            </p>
            <div
              class="MuiBox-root css-1jhs511"
            />
            <p
              class="MuiTypography-root MuiTypography-body1 MuiTypography-alignLeft css-1j7034c-MuiTypography-root"
              style="font-weight: 500; opacity: 1; width: 100%; word-break: break-word; line-height: 17px;"
            >
              Others (Please specify)
            </p>
          </div>
        </div>
      </div>
    </div>
  </div>
</div>
`;
