// Jest Snapshot v1, https://goo.gl/fbAQLP

exports[`Reports should match snapshot 1`] = `
<div>
  <div
    class="MuiGrid-root MuiGrid-container MuiGrid-direction-xs-column"
    data-component="Reports"
    data-element="Grid"
    data-source-file="Reports.tsx"
  >
    <div
      class="MuiGrid-root MuiGrid-item"
      data-element="Grid"
      data-source-file="Reports.tsx"
    >
      <div
        class="MuiGrid-root makeStyles-container-3 MuiGrid-container MuiGrid-direction-xs-column"
        data-component="PageHeader"
        data-element="Grid"
        data-source-file="PageHeader.tsx"
      >
        <div
          class="MuiGrid-root makeStyles-header-2 MuiGrid-container"
          data-element="Grid"
          data-source-file="PageHeader.tsx"
        >
          <div
            class="MuiGrid-root MuiGrid-container MuiGrid-item MuiGrid-align-items-xs-center"
            data-element="Grid"
            data-source-file="PageHeader.tsx"
          >
            <h2
              class="MuiTypography-root MuiTypography-h2"
              data-element="Typography"
              data-source-file="PageHeader.tsx"
            >
              Reports
            </h2>
          </div>
        </div>
        <div
          class="MuiGrid-root"
        >
          <nav
            class="MuiTypography-root MuiBreadcrumbs-root MuiTypography-body1 MuiTypography-colorTextSecondary"
            data-component="Breadcrumbs"
            data-element="MuiBreadcrumbs"
            data-source-file="Breadcrumbs.tsx"
          >
            <ol
              class="MuiBreadcrumbs-ol"
            />
          </nav>
        </div>
      </div>
    </div>
    <div
      class="MuiGrid-root MuiGrid-item"
      data-element="Grid"
      data-source-file="Reports.tsx"
    >
      <div
        class="MuiBox-root MuiBox-root-5"
        data-component="VSpacer"
        data-element="Box"
        data-source-file="VSpacer.tsx"
      />
      <h4
        class="MuiTypography-root MuiTypography-h4"
        data-element="Typography"
        data-source-file="Reports.tsx"
      >
        Default Statements
      </h4>
      <div
        class="MuiBox-root MuiBox-root-6"
        data-component="VSpacer"
        data-element="Box"
        data-source-file="VSpacer.tsx"
      />
    </div>
    <div
      class="MuiGrid-root MuiGrid-container MuiGrid-item MuiGrid-align-items-xs-center MuiGrid-justify-content-xs-space-between"
      data-element="Grid"
      data-source-file="Reports.tsx"
    >
      <div
        class="MuiGrid-root MuiGrid-item"
        data-element="Grid"
        data-source-file="Reports.tsx"
      >
        <div
          class="MuiBox-root MuiBox-root-7"
          data-element="Box"
          data-source-file="Reports.tsx"
        >
          <p
            class="MuiTypography-root MuiTypography-body1"
            data-element="Typography"
            data-source-file="Reports.tsx"
          >
            View, manage and track your accounting reports and taxations.
          </p>
        </div>
      </div>
      <div
        class="MuiGrid-root MuiGrid-item"
        data-element="Grid"
        data-source-file="Reports.tsx"
      >
        <div
          class="MuiBox-root MuiBox-root-12 makeStyles-wrapper-8"
          data-component="Filters"
          data-element="Box"
          data-source-file="Filters.tsx"
        >
          <h6
            class="MuiTypography-root makeStyles-filterText-9 MuiTypography-subtitle1"
            data-element="Typography"
            data-source-file="Filters.tsx"
          >
            Select Date:
          </h6>
          <div
            class="MuiBox-root MuiBox-root-13 makeStyles-filtersWrapper-10"
            data-element="Box"
            data-source-file="Filters.tsx"
          >
            <div
              class="MuiBox-root MuiBox-root-14 makeStyles-filterWrapper-11"
              data-element="Box"
              data-source-file="Filters.tsx"
            >
              <div
                class="MuiFormControl-root MuiTextField-root denseAdornments MuiFormControl-fullWidth"
                data-element="KeyboardDateTimePicker"
                data-source-file="_DateTimePicker.tsx"
                style="width: 150px;"
              >
                <label
                  class="MuiFormLabel-root MuiInputLabel-root MuiInputLabel-formControl MuiInputLabel-animated MuiInputLabel-marginDense MuiInputLabel-outlined"
                  data-shrink="false"
                >
                  From
                </label>
                <div
                  class="MuiInputBase-root MuiOutlinedInput-root MuiInputBase-fullWidth MuiInputBase-formControl MuiInputBase-adornedEnd MuiOutlinedInput-adornedEnd MuiInputBase-marginDense MuiOutlinedInput-marginDense"
                >
                  <input
                    aria-invalid="false"
                    class="MuiInputBase-input MuiOutlinedInput-input MuiInputBase-inputAdornedEnd MuiOutlinedInput-inputAdornedEnd MuiInputBase-inputMarginDense MuiOutlinedInput-inputMarginDense"
                    placeholder="mm/dd/yy"
                    type="text"
                    value=""
                  />
                  <div
                    class="MuiInputAdornment-root MuiInputAdornment-positionEnd MuiInputAdornment-marginDense"
                  >
                    <button
                      aria-label="change date"
                      class="MuiButtonBase-root MuiIconButton-root"
                      tabindex="0"
                      type="button"
                    >
                      <span
                        class="MuiIconButton-label"
                      >
                        <svg
                          aria-hidden="true"
                          class="MuiSvgIcon-root"
                          focusable="false"
                          viewBox="0 0 24 24"
                        >
                          <path
                            d="M17 12h-5v5h5v-5zM16 1v2H8V1H6v2H5c-1.11 0-1.99.9-1.99 2L3 19c0 1.1.89 2 2 2h14c1.1 0 2-.9 2-2V5c0-1.1-.9-2-2-2h-1V1h-2zm3 18H5V8h14v11z"
                          />
                          <path
                            d="M0 0h24v24H0z"
                            fill="none"
                          />
                        </svg>
                      </span>
                      <span
                        class="MuiTouchRipple-root"
                      />
                    </button>
                  </div>
                  <fieldset
                    aria-hidden="true"
                    class="PrivateNotchedOutline-root-15 MuiOutlinedInput-notchedOutline"
                  >
                    <legend
                      class="PrivateNotchedOutline-legendLabelled-17"
                    >
                      <span>
                        From
                      </span>
                    </legend>
                  </fieldset>
                </div>
                
              </div>
            </div>
            <div
              class="MuiBox-root MuiBox-root-19 makeStyles-filterWrapper-11"
              data-element="Box"
              data-source-file="Filters.tsx"
            >
              <div
                class="MuiFormControl-root MuiTextField-root denseAdornments MuiFormControl-fullWidth"
                data-element="KeyboardDateTimePicker"
                data-source-file="_DateTimePicker.tsx"
                style="width: 150px;"
              >
                <label
                  class="MuiFormLabel-root MuiInputLabel-root MuiInputLabel-formControl MuiInputLabel-animated MuiInputLabel-marginDense MuiInputLabel-outlined"
                  data-shrink="false"
                >
                  To
                </label>
                <div
                  class="MuiInputBase-root MuiOutlinedInput-root MuiInputBase-fullWidth MuiInputBase-formControl MuiInputBase-adornedEnd MuiOutlinedInput-adornedEnd MuiInputBase-marginDense MuiOutlinedInput-marginDense"
                >
                  <input
                    aria-invalid="false"
                    class="MuiInputBase-input MuiOutlinedInput-input MuiInputBase-inputAdornedEnd MuiOutlinedInput-inputAdornedEnd MuiInputBase-inputMarginDense MuiOutlinedInput-inputMarginDense"
                    placeholder="mm/dd/yy"
                    type="text"
                    value=""
                  />
                  <div
                    class="MuiInputAdornment-root MuiInputAdornment-positionEnd MuiInputAdornment-marginDense"
                  >
                    <button
                      aria-label="change date"
                      class="MuiButtonBase-root MuiIconButton-root"
                      tabindex="0"
                      type="button"
                    >
                      <span
                        class="MuiIconButton-label"
                      >
                        <svg
                          aria-hidden="true"
                          class="MuiSvgIcon-root"
                          focusable="false"
                          viewBox="0 0 24 24"
                        >
                          <path
                            d="M17 12h-5v5h5v-5zM16 1v2H8V1H6v2H5c-1.11 0-1.99.9-1.99 2L3 19c0 1.1.89 2 2 2h14c1.1 0 2-.9 2-2V5c0-1.1-.9-2-2-2h-1V1h-2zm3 18H5V8h14v11z"
                          />
                          <path
                            d="M0 0h24v24H0z"
                            fill="none"
                          />
                        </svg>
                      </span>
                      <span
                        class="MuiTouchRipple-root"
                      />
                    </button>
                  </div>
                  <fieldset
                    aria-hidden="true"
                    class="PrivateNotchedOutline-root-15 MuiOutlinedInput-notchedOutline"
                  >
                    <legend
                      class="PrivateNotchedOutline-legendLabelled-17"
                    >
                      <span>
                        To
                      </span>
                    </legend>
                  </fieldset>
                </div>
                
              </div>
            </div>
          </div>
        </div>
      </div>
    </div>
    <div
      class="MuiGrid-root MuiGrid-item"
      data-element="Grid"
      data-source-file="Reports.tsx"
    >
      <div
        class="MuiBox-root MuiBox-root-20"
        data-component="VSpacer"
        data-element="Box"
        data-source-file="VSpacer.tsx"
      />
      <div
        class="MuiGrid-root MuiGrid-container MuiGrid-direction-xs-column"
        data-component="TableView"
        data-element="Grid"
        data-source-file="TableView.tsx"
      >
        <div
          class="MuiGrid-root MuiGrid-item"
          data-element="Grid"
          data-source-file="TableView.tsx"
        >
          <div
            class="MuiPaper-root MuiPaper-outlined MuiPaper-rounded"
            data-element="Paper"
            data-source-file="TableView.tsx"
            style="background-color: inherit;"
          >
            <div
              class="MuiTableContainer-root"
              data-element="TableContainer"
              data-source-file="TableView.tsx"
            >
              <table
                aria-label="table"
                class="MuiTable-root"
                data-element="Table"
                data-source-file="TableView.tsx"
                data-testid="table"
              >
                <thead
                  class="MuiTableHead-root"
                  style="background-color: rgb(20, 18, 114); height: 50px; display: none;"
                >
                  <tr
                    class="MuiTableRow-root MuiTableRow-head"
                  >
                    <th
                      class="MuiTableCell-root MuiTableCell-head MuiTableCell-alignLeft"
                      scope="col"
                    >
                      <b
                        style="color: rgb(255, 255, 255);"
                      />
                    </th>
                    <th
                      class="MuiTableCell-root MuiTableCell-head MuiTableCell-alignLeft"
                      scope="col"
                    >
                      <b
                        style="color: rgb(255, 255, 255);"
                      />
                    </th>
                    <th
                      class="MuiTableCell-root MuiTableCell-head"
                      scope="col"
                    />
                  </tr>
                </thead>
                <tbody
                  class="MuiTableBody-root"
                  data-component="TableRows"
                  data-element="TableBody"
                  data-source-file="TableRows.tsx"
                >
                  <tr
                    class="MuiTableRow-root"
                    style="background-color: rgb(255, 255, 255);"
                  >
                    <td
                      class="MuiTableCell-root MuiTableCell-body MuiTableCell-alignLeft"
                      data-component="TableCellWrapper"
                      data-element="TableCell"
                      data-source-file="TableCellWrapper.tsx"
                    >
                      Accounts Summary
                    </td>
                    <td
                      class="MuiTableCell-root MuiTableCell-body MuiTableCell-alignLeft"
                      data-component="TableCellWrapper"
                      data-element="TableCell"
                      data-source-file="TableCellWrapper.tsx"
                    >
                      HTML View
                    </td>
                    <td
                      class="MuiTableCell-root MuiTableCell-body MuiTableCell-alignRight"
                      data-component="ActionTableCell"
                      data-element="TableCell"
                      data-source-file="ActionTableCell.tsx"
                    >
                      <p
                        class="MuiTypography-root makeStyles-link-22 MuiTypography-body1 MuiTypography-colorPrimary"
                        data-component="Actions"
                        data-element="Typography"
                        data-source-file="Actions.tsx"
                      >
                        View Report
                      </p>
                    </td>
                  </tr>
                  <tr
                    class="MuiTableRow-root"
                    style="background-color: rgb(248, 248, 253);"
                  >
                    <td
                      class="MuiTableCell-root MuiTableCell-body MuiTableCell-alignLeft"
                      data-component="TableCellWrapper"
                      data-element="TableCell"
                      data-source-file="TableCellWrapper.tsx"
                    >
                      Trade Confirmation
                    </td>
                    <td
                      class="MuiTableCell-root MuiTableCell-body MuiTableCell-alignLeft"
                      data-component="TableCellWrapper"
                      data-element="TableCell"
                      data-source-file="TableCellWrapper.tsx"
                    >
                      HTML View
                    </td>
                    <td
                      class="MuiTableCell-root MuiTableCell-body MuiTableCell-alignRight"
                      data-component="ActionTableCell"
                      data-element="TableCell"
                      data-source-file="ActionTableCell.tsx"
                    >
                      <p
                        class="MuiTypography-root makeStyles-link-22 MuiTypography-body1 MuiTypography-colorPrimary"
                        data-component="Actions"
                        data-element="Typography"
                        data-source-file="Actions.tsx"
                      >
                        View Report
                      </p>
                    </td>
                  </tr>
                  <tr
                    class="MuiTableRow-root"
                    style="background-color: rgb(255, 255, 255);"
                  >
                    <td
                      class="MuiTableCell-root MuiTableCell-body MuiTableCell-alignLeft"
                      data-component="TableCellWrapper"
                      data-element="TableCell"
                      data-source-file="TableCellWrapper.tsx"
                    >
                      Aggregated Costs and Charges
                    </td>
                    <td
                      class="MuiTableCell-root MuiTableCell-body MuiTableCell-alignLeft"
                      data-component="TableCellWrapper"
                      data-element="TableCell"
                      data-source-file="TableCellWrapper.tsx"
                    >
                      HTML View
                    </td>
                    <td
                      class="MuiTableCell-root MuiTableCell-body MuiTableCell-alignRight"
                      data-component="ActionTableCell"
                      data-element="TableCell"
                      data-source-file="ActionTableCell.tsx"
                    >
                      <p
                        class="MuiTypography-root makeStyles-link-22 MuiTypography-body1 MuiTypography-colorPrimary"
                        data-component="Actions"
                        data-element="Typography"
                        data-source-file="Actions.tsx"
                      >
                        View Report
                      </p>
                    </td>
                  </tr>
                  <tr
                    class="MuiTableRow-root"
                    style="background-color: rgb(248, 248, 253);"
                  >
                    <td
                      class="MuiTableCell-root MuiTableCell-body MuiTableCell-alignLeft"
                      data-component="TableCellWrapper"
                      data-element="TableCell"
                      data-source-file="TableCellWrapper.tsx"
                    >
                      Dividends
                    </td>
                    <td
                      class="MuiTableCell-root MuiTableCell-body MuiTableCell-alignLeft"
                      data-component="TableCellWrapper"
                      data-element="TableCell"
                      data-source-file="TableCellWrapper.tsx"
                    >
                      HTML View
                    </td>
                    <td
                      class="MuiTableCell-root MuiTableCell-body MuiTableCell-alignRight"
                      data-component="ActionTableCell"
                      data-element="TableCell"
                      data-source-file="ActionTableCell.tsx"
                    >
                      <p
                        class="MuiTypography-root makeStyles-link-22 MuiTypography-body1 MuiTypography-colorPrimary"
                        data-component="Actions"
                        data-element="Typography"
                        data-source-file="Actions.tsx"
                      >
                        View Report
                      </p>
                    </td>
                  </tr>
                </tbody>
              </table>
            </div>
          </div>
        </div>
      </div>
    </div>
  </div>
</div>
`;
